[www.richardmille.com/magazines.html]
[backblue.gif]
[fade.gif]
[index.html]
[www.richardmille.com/meta-image.jpg]
[www.richardmille.com/favicon.ico]
[www.richardmille.com/apple-icon-57x57.png]
[www.richardmille.com/apple-icon-60x60.png]
[www.richardmille.com/apple-icon-72x72.png]
[www.richardmille.com/apple-icon-76x76.png]
[www.richardmille.com/apple-icon-114x114.png]
[www.richardmille.com/apple-icon-120x120.png]
[www.richardmille.com/apple-icon-144x144.png]
[www.richardmille.com/apple-icon-152x152.png]
[www.richardmille.com/apple-icon-180x180.png]
[www.richardmille.com/fonts/interstate/Interstate-Regular.woff2]
[www.richardmille.com/fonts/interstate/Interstate-Bold.woff2]
[www.richardmille.com/fonts/interstate/Interstate-Light.woff2]
[www.richardmille.com/fonts/icomoon9cea.ttf]
[cdn.polyfill.io/v2/polyfill.min3819.js]
[www.googletagmanager.com/gtmf8cc.js]
[www.richardmille.com/_nuxt/20ac856ecc9b9ef2f93b.js]
[www.richardmille.com/_nuxt/94e426960029c43dde6a.js]
[www.richardmille.com/_nuxt/a3b313688f8919e3f849.css]
[www.richardmille.com/_nuxt/bfa80d3455099c706cfb.js]
[www.richardmille.com/_nuxt/81113fe565cddb1efb4f.css]
[www.richardmille.com/_nuxt/ab375376b3b62e3933c6.js]
[www.richardmille.com/_nuxt/35a9cdb9424d5b5e3d60.css]
[www.richardmille.com/_nuxt/96711e601f8cb39018f1.js]
[www.richardmille.com/_nuxt/img/5f43bda.svg]
[www.richardmille.com/index.html]
[www.richardmille.com/collections.html]
[www.richardmille.com/dispatch/the-brand.html]
[www.richardmille.com/dispatch/savoir-faire.html]
[www.richardmille.com/collections07a0.html]
[www.richardmille.com/collectionsd5c6.html]
[www.richardmille.com/friends-and-partners.html]
[www.richardmille.com/events.html]
[www.richardmille.com/page/servicing.html]
[www.richardmille.com/storelocator.html]
[www.richardmille.com/contact.html]
[www.richardmille.com/legals.html]
[www.richardmille.com/credits.html]
[www.richardmille.com/_nuxt/img/acec522.svg]
[media.richardmille.com/wp-content/uploads/2019/07/02194428/Richard-Mille-Magazine-8-Michelle-Yeoh-.jpg]
[media.richardmille.com/wp-content/uploads/2018/12/23171142/mag7.jpg]
[media.richardmille.com/wp-content/uploads/2019/02/23170519/RM-Magazine-fernando-Alonso.jpg]
[media.richardmille.com/wp-content/uploads/2019/02/23170518/RM-Magazine-Margot-Robbie.jpg]
[media.richardmille.com/wp-content/uploads/2018/12/23171141/RM_Magazine_4-cover-1.jpg]
[media.richardmille.com/wp-content/uploads/2018/12/23171141/RM_Magazine_3-cover-1.jpg]
[media.richardmille.com/wp-content/uploads/2018/12/23171142/RM_Magazine_2-cover-1.jpg]
[media.richardmille.com/wp-content/uploads/2019/02/23170518/RM-Magazine-Nadal.jpg]
[media.richardmille.com/wp-content/uploads/2019/01/23171927/event-footer.jpg]
[media.richardmille.com/wp-content/uploads/2019/01/23171033/fp.png]
[www.richardmille.com/magazines.html]
[www.richardmille.com/_nuxt/a3b313688f8919e3f849.css]
[www.richardmille.com/fonts/interstate/Interstate-Regular.woff]
[www.richardmille.com/fonts/interstate/Interstate-Light.woff]
[www.richardmille.com/fonts/interstate/Interstate-Bold.woff]
[radar.cedexis.com/1579222343/radar.js]
[www.richardmille.com/fonts/icomoon9cea.eot]
[www.richardmille.com/fonts/icomoon9cea.woff]
[www.richardmille.com/_nuxt/81113fe565cddb1efb4f.css]
[www.richardmille.com/fonts/icomoon9cea.svg]
[www.richardmille.com/_nuxt/35a9cdb9424d5b5e3d60.css]
[www.richardmille.com/_nuxt/417d642ed0d4dc0a969b.css]
[www.richardmille.com/_nuxt/e4d17399ab578e5e8f31.js]
[www.richardmille.com/page/revving-up-for-the-first-virtual-24-hours-of-le-mans.html]
[media.richardmille.com/wp-content/uploads/2020/04/09174142/cover5206HJ-1.jpg]
[www.richardmille.com/page/rm-hj-01.html]
[www.richardmille.com/page/watchcase.html]
[www.richardmille.com/page/history.html]
[www.richardmille.com/index.html]
[www.richardmille.com/_nuxt/img/5f43bda.svg]
[www.richardmille.com/_nuxt/f35b92f96d7dc920630f.css]
[www.richardmille.com/_nuxt/5c6290fdfad316b22957.js]
[www.richardmille.com/collections.html]
[www.richardmille.com/_nuxt/5225c978077de2e02ea5.css]
[www.richardmille.com/_nuxt/fc8440aeed1ae587b4de.js]
[media.richardmille.com/wp-content/uploads/2019/01/06150629/Richard-Moto-bn.jpg]
[www.richardmille.com/page/concept.html]
[media.richardmille.com/wp-content/uploads/2018/12/23172056/close-up-pusher-chrono.jpg]
[www.richardmille.com/historical-models.html]
[media.richardmille.com/wp-content/uploads/2019/01/23172017/Historical-Models-cover.jpg]
[www.richardmille.com/dispatch/the-brand.html]
[www.richardmille.com/page/manufacture-2.html]
[media.richardmille.com/wp-content/uploads/2019/01/23172029/footer-push-e1559851110933.jpg]
[www.richardmille.com/page/rd.html]
[media.richardmille.com/wp-content/uploads/2019/01/23172028/footer-push-3.jpg]
[www.richardmille.com/page/manufacturing.html]
[media.richardmille.com/wp-content/uploads/2019/01/23172029/footer-push-2.jpg]
[www.richardmille.com/page/quality-control.html]
[media.richardmille.com/wp-content/uploads/2019/01/23172027/iso.jpg]
[www.richardmille.com/page/sav.html]
[media.richardmille.com/wp-content/uploads/2019/01/23172029/footer-push-1.jpg]
[www.richardmille.com/dispatch/savoir-faire.html]
[www.richardmille.com/collections07a0.html]
[www.richardmille.com/collectionsd5c6.html]
[www.richardmille.com/_nuxt/85d5a9dbf3e5443fcbea.css]
[www.richardmille.com/_nuxt/dfc0237aea3bca1aa691.js]
[media.richardmille.com/wp-content/uploads/2016/12/23170808/P42-43_montage-Antartique.jpg]
[www.richardmille.com/friends-and-partners/airbus-corporate-jets.html]
[media.richardmille.com/wp-content/uploads/2014/12/23171052/050_2510.jpg]
[www.richardmille.com/friends-and-partners/alexis-pinturault.html]
[media.richardmille.com/wp-content/uploads/2019/02/23170902/RD23299_99999-99999-rgb.jpg]
[www.richardmille.com/friends-and-partners/aurora-straus.html]
[media.richardmille.com/wp-content/uploads/2017/10/23171056/I1DX5825.jpg]
[www.richardmille.com/friends-and-partners/charles-leclerc.html]
[media.richardmille.com/wp-content/uploads/2017/12/23171929/DianaLuna-opti-e1573563961161.jpg]
[www.richardmille.com/friends-and-partners/diana-luna.html]
[www.richardmille.com/friends-and-partners/felipe-massa.html]
[media.richardmille.com/wp-content/uploads/2007/12/23171105/105_RenaudCorlouer.jpg]
[media.richardmille.com/wp-content/uploads/2019/02/23170834/02118011_2173_99999-99999-rgb.jpg]
[www.richardmille.com/friends-and-partners/jackie-chan-dc-racing.html]
[media.richardmille.com/wp-content/uploads/2020/01/08111708/SondreEriksenHensema_0320.jpg]
[www.richardmille.com/friends-and-partners/johannes-thingnes-bo.html]
[media.richardmille.com/wp-content/uploads/2019/07/23133013/GettyImages-1162818040maria-e1573233777804.jpg]
[www.richardmille.com/friends-and-partners/maria-vicente.html]
[media.richardmille.com/wp-content/uploads/2010/12/04225952/Michelle-Yeoh-hero.jpg]
[media.richardmille.com/wp-content/uploads/2019/02/23170855/RJG-SERIE-10-0645.jpg]
[www.richardmille.com/friends-and-partners/nafi-thiam.html]
[media.richardmille.com/wp-content/uploads/2011/12/04230417/Pablo-McDonough-hero.jpg]
[www.richardmille.com/friends-and-partners/michelle-yeoh.html]
[www.richardmille.com/friends-and-partners/pablo-mac-donough.html]
[media.richardmille.com/wp-content/uploads/2010/12/23171039/GettyImages-969784844-e1549634450968.jpg]
[media.richardmille.com/wp-content/uploads/2013/12/23171049/098_RenaudCorlouer.jpg]
[www.richardmille.com/friends-and-partners/roberto-mancini.html]
[media.richardmille.com/wp-content/uploads/2016/12/23171117/01118006_FF_1820_99999-99999-rgb.jpg]
[www.richardmille.com/friends-and-partners/sebastien-ogier-2.html]
[www.richardmille.com/friends-and-partners/pharrell-williams.html]
[www.richardmille.com/friends-and-partners/venturi-formula-e.html]
[media.richardmille.com/wp-content/uploads/2019/02/23170842/03419002__FGO6236_99999-99999-rgb.jpg]
[media.richardmille.com/wp-content/uploads/2019/02/23170814/KSP_000_1508.jpg]
[www.richardmille.com/friends-and-partners/young-talent-academy.html]
[media.richardmille.com/wp-content/uploads/2019/10/16180928/couv-akani.jpg]
[www.richardmille.com/friends-and-partners/akani-simbine.html]
[www.richardmille.com/friends-and-partners/alfa-romeo-racing.html]
[media.richardmille.com/wp-content/uploads/2019/02/23170818/00219001_AV1_7196_99999-99999-rgb.jpg]
[www.richardmille.com/friends-and-partners/benjamin-millepied.html]
[media.richardmille.com/wp-content/uploads/2015/12/04225049/benjamin-millepied-hero.jpg]
[media.richardmille.com/wp-content/uploads/2014/12/23171117/5099094.jpg]
[www.richardmille.com/friends-and-partners/cristie-kerr.html]
[www.richardmille.com/friends-and-partners/didier-drogba.html]
[media.richardmille.com/wp-content/uploads/2019/04/23170531/DidierDrogba_007_RobertJaso.jpg]
[www.richardmille.com/friends-and-partners/fernando-alonso.html]
[media.richardmille.com/wp-content/uploads/2019/06/20180106/02518002__FG03879_99999-99999-rgb.jpg]
[www.richardmille.com/friends-and-partners/jean-todt.html]
[media.richardmille.com/wp-content/uploads/2012/12/23171110/203_RenaudCorlouer.jpg]
[media.richardmille.com/wp-content/uploads/2016/12/23173441/MaLKOVICH_MILLE-275.jpg]
[www.richardmille.com/friends-and-partners/john-malkovich.html]
[media.richardmille.com/wp-content/uploads/2019/02/23170822/Large-9672-McLaren720SGT3.jpg]
[www.richardmille.com/friends-and-partners/mclaren-automotive-2.html]
[media.richardmille.com/wp-content/uploads/2019/06/05124417/105_RenaudCorlouer-e1573231300662.jpg]
[www.richardmille.com/friends-and-partners/mick-schumacher.html]
[media.richardmille.com/wp-content/uploads/2019/02/23170831/GettyImages-1125344052.jpg]
[www.richardmille.com/friends-and-partners/nelly-korda.html]
[media.richardmille.com/wp-content/uploads/2019/04/23170414/PALAIS_TOKYO_11H45_HD-114-e1573564010795.jpg]
[media.richardmille.com/wp-content/uploads/2019/01/23171832/PCasiraghi_main.jpg]
[www.richardmille.com/friends-and-partners/pierre-casiraghi.html]
[www.richardmille.com/friends-and-partners/palais-de-tokyo.html]
[www.richardmille.com/friends-and-partners/romain-grosjean.html]
[media.richardmille.com/wp-content/uploads/2014/12/23171116/187_RenaudCorlouer.jpg]
[www.richardmille.com/friends-and-partners/simon-pagenaud.html]
[media.richardmille.com/wp-content/uploads/2017/12/23171817/SimonPagenaud_main.jpg]
[media.richardmille.com/wp-content/uploads/2017/12/23171127/JRGW-SERIE-13_-0889.jpg]
[www.richardmille.com/friends-and-partners/wayde-van-niekerk.html]
[media.richardmille.com/wp-content/uploads/2019/01/23171103/17-YULIYA-LEVCHENKO.jpg]
[www.richardmille.com/friends-and-partners/yuliya-levchenko.html]
[www.richardmille.com/friends-and-partners/alain-prost.html]
[media.richardmille.com/wp-content/uploads/2019/01/23171147/LMA2498.jpg]
[media.richardmille.com/wp-content/uploads/2019/04/23170620/L5R9706.jpg]
[www.richardmille.com/friends-and-partners/art-grand-prix.html]
[www.richardmille.com/friends-and-partners/bubba-watson.html]
[media.richardmille.com/wp-content/uploads/2011/12/23171107/JRG-2-_DSC8990.jpg]
[media.richardmille.com/wp-content/uploads/2019/02/23170911/DTM-1537627748.jpg]
[www.richardmille.com/friends-and-partners/dtm.html]
[media.richardmille.com/wp-content/uploads/2019/02/23170900/005_RenaudCorlouer.jpg]
[www.richardmille.com/friends-and-partners/ester-ledecka.html]
[media.richardmille.com/wp-content/uploads/2016/12/23170809/00219001__FGO5607_99999-99999-rgb.jpg]
[www.richardmille.com/friends-and-partners/haas-f1-team.html]
[media.richardmille.com/wp-content/uploads/2017/12/23171931/JessicaVonBredowWerndl.jpg]
[www.richardmille.com/friends-and-partners/jessica-von-bredow-werndl.html]
[media.richardmille.com/wp-content/uploads/2017/12/23171930/MargotRobbie.jpg]
[www.richardmille.com/friends-and-partners/margot-robbie.html]
[www.richardmille.com/friends-and-partners/mclaren-f1-team.html]
[media.richardmille.com/wp-content/uploads/2019/02/23170828/00219001__FG07457_99999-99999-rgb.jpg]
[www.richardmille.com/friends-and-partners/mutaz-essa-barshim.html]
[media.richardmille.com/wp-content/uploads/2017/12/23171124/043_RenaudCorlouer.jpg]
[www.richardmille.com/friends-and-partners/renault-e-dams.html]
[media.richardmille.com/wp-content/uploads/2014/12/23170807/03419003_FF_1625_99999-99999-rgb.jpg]
[media.richardmille.com/wp-content/uploads/2019/02/23170906/DPPI_MDM6577_99999-99999-rgb.jpg]
[www.richardmille.com/friends-and-partners/circuit-paul-ricard.html]
[www.richardmille.com/friends-and-partners/rafael-nadal.html]
[media.richardmille.com/wp-content/uploads/2017/11/23180234/140721_NADAL_S5_013-v1.jpg]
[media.richardmille.com/wp-content/uploads/2017/12/23174624/07216056_306EX-e1573564081933.jpg]
[www.richardmille.com/friends-and-partners/sebastien-loeb.html]
[media.richardmille.com/wp-content/uploads/2019/12/09131059/TBM_2019_PreLaunch_Team_in-TLC.jpg]
[www.richardmille.com/friends-and-partners/team-bahrain-mclaren.html]
[media.richardmille.com/wp-content/uploads/2012/12/23171110/JRG-2-SERIE-4-508.jpg]
[www.richardmille.com/friends-and-partners/yohan-blake.html]
[media.richardmille.com/wp-content/uploads/2019/01/23171032/femme.png]
[www.richardmille.com/friends-and-partners.html]
[www.richardmille.com/_nuxt/95b8ce66a10eb9e58894.css]
[www.richardmille.com/_nuxt/ebfe540729581caea980.js]
[www.richardmille.com/events/retromobile.html]
[media.richardmille.com/wp-content/uploads/2019/04/23170444/054_RenaudCorlouer_rev0-e1559853700480.jpg]
[www.richardmille.com/events/le-mans-classic.html]
[media.richardmille.com/wp-content/uploads/2019/01/23172004/Le_mans_main.jpg]
[www.richardmille.com/events/richard-mille-young-talent-academy-2019.html]
[media.richardmille.com/wp-content/uploads/2019/12/09142352/cover.jpg]
[www.richardmille.com/events/rallye-des-legendes.html]
[media.richardmille.com/wp-content/uploads/2019/01/23172006/Rallye_des_Legendes_Main.jpg]
[www.richardmille.com/events/frieze-art.html]
[media.richardmille.com/wp-content/uploads/2019/04/23170436/RM_LOUNGE_FRIEZE_2018__PLO00608_©PhilippeLouzon_©PhilippeLouzon_rev0-e1559842288886.jpg]
[www.richardmille.com/events/lacoste-ladies-open.html]
[media.richardmille.com/wp-content/uploads/2019/01/23171955/Lacoste_main.jpg]
[www.richardmille.com/events/chantilly-arts-et-elegance-2019.html]
[media.richardmille.com/wp-content/uploads/2019/07/03185743/DPPI_2-29_rev0-e1573232436580.jpg]
[www.richardmille.com/events/rallye-des-princesses.html]
[media.richardmille.com/wp-content/uploads/2019/01/23171955/Princesse_main.jpg]
[www.richardmille.com/events/nurburgring-classic.html]
[media.richardmille.com/wp-content/uploads/2019/01/23171959/nurburgring_hero.jpg]
[www.richardmille.com/events/frieze-new-york.html]
[media.richardmille.com/wp-content/uploads/2019/06/18124513/FRIEZE_NY_2019_PLO2970.jpg]
[www.richardmille.com/events/les-voiles-de-st-barth.html]
[media.richardmille.com/wp-content/uploads/2017/12/23175025/LesVoilesDeSaintBarth2015-©Christophe-Jouany-6.jpg]
[www.richardmille.com/events/suzuka-sound-of-engine-richard-mille.html]
[media.richardmille.com/wp-content/uploads/2017/12/23173608/IMG_1150_rev0-e1573229611582.jpg]
[www.richardmille.com/events/le-mans-classic-2018.html]
[media.richardmille.com/wp-content/uploads/2019/04/23170431/LMC2018_PhilippeLouzon_PLO4122-2_rev0-e1559850190500.jpg]
[www.richardmille.com/events/rallye-des-princesses-2018.html]
[media.richardmille.com/wp-content/uploads/2019/04/23170425/RDP18_0306_084910_RBord_rev0-e1573230218777.jpg]
[www.richardmille.com/events/les-voiles-de-saint-barth-2018.html]
[media.richardmille.com/wp-content/uploads/2019/04/23170424/10JL_RichardMille_VDSB_Vendredi_web_rev0.jpg]
[www.richardmille.com/events/retromobile-2018.html]
[media.richardmille.com/wp-content/uploads/2019/04/23170419/07184001__LF19281_99999-99999-rgb_rev0-e1559853492182.jpg]
[www.richardmille.com/events/chantilly-arts-et-elegance-2017.html]
[media.richardmille.com/wp-content/uploads/2019/04/23170449/07217030_1971_rev0-1-e1573230003272.jpg]
[www.richardmille.com/events.html]
[media.richardmille.com/wp-content/uploads/2019/01/23171517/variable-geometry-balance-tourbi-1.jpg]
[www.richardmille.com/_nuxt/9ff73d7e44da46d203e2.css]
[www.richardmille.com/_nuxt/b7a6d441551a7d635e35.js]
[www.richardmille.com/_nuxt/332ab392b7a661d9cd84.css]
[www.richardmille.com/_nuxt/57c23631e7bfe5dca64d.js]
[www.richardmille.com/_nuxt/ca9c0cb6e1830132f89b.css]
[www.richardmille.com/_nuxt/64f779d9a7f783f46a62.js]
[media.richardmille.com/wp-content/uploads/2017/12/23174448/RM056-04-e1573564149552.jpg]
[media.richardmille.com/wp-content/uploads/2017/12/23173705/Contact_us.jpg]
[media.richardmille.com/wp-content/uploads/2019/02/23171032/warranty.jpg]
[media.richardmille.com/wp-content/uploads/2020/04/01131420/2S9A1033_©JeromeBryonwatchsecw.jpg]
[media.richardmille.com/wp-content/uploads/2020/04/03175633/I1DX3655-Modifierdiscalimer.jpg]
[media.richardmille.com/wp-content/uploads/2019/01/23171258/SAV4.jpg]
[media.richardmille.com/wp-content/uploads/2017/12/23174509/CF061007Nom-Personnalisé.jpg]
[www.richardmille.com/page/servicing.html]
[www.richardmille.com/_nuxt/17f25c3028d9a79fc41a.css]
[www.richardmille.com/_nuxt/9e951b9b6edf52ffce64.js]
[www.richardmille.com/storelocator.html]
[www.richardmille.com/_nuxt/82234ceb474ff462b6d1.css]
[www.richardmille.com/_nuxt/f7aaf40e984b6b70e12d.js]
[www.richardmille.com/contact.html]
[www.richardmille.com/_nuxt/15d876f1b51dbe569702.css]
[www.richardmille.com/_nuxt/eeb062048529d4af01f1.js]
[www.richardmille.com/legals.html]
[www.richardmille.com/_nuxt/68f545ad30634eae9fce.css]
[www.richardmille.com/credits.html]
[www.richardmille.com/_nuxt/img/acec522.svg]
[www.richardmille.com/fonts/icomoon9cea.svg]
[www.richardmille.com/_nuxt/417d642ed0d4dc0a969b.css]
[www.richardmille.com/_nuxt/f2d52bbd54db081d9804.js]
[media.richardmille.com/wp-content/uploads/2020/02/11152549/coverRMRT.jpg]
[media.richardmille.com/wp-content/uploads/2020/05/29115207/Unknown-1.jpg]
[media.richardmille.com/wp-content/uploads/2020/05/29115234/Unknown-2.jpg]
[media.richardmille.com/wp-content/uploads/2020/05/29122452/WEC_2020_ESPORTS_LeMans_Driver_Richard-Mille.jpg]
[www.richardmille.com/page/revving-up-for-the-first-virtual-24-hours-of-le-mans.html]
[media.richardmille.com/wp-content/uploads/2020/04/09164023/RMHJ01_6H_BBHJ.jpg]
[media.richardmille.com/wp-content/uploads/2020/04/09164028/RMHJ01_34FRONT_BBHJ.jpg]
[media.richardmille.com/wp-content/uploads/2020/04/09164638/2S9A1489savoir-faire.jpg]
[media.richardmille.com/wp-content/uploads/2020/04/09164020/coverHJ.jpg]
[media.richardmille.com/wp-content/uploads/2020/04/09164216/RMHJ01_34BACK_BB.jpg]
[media.richardmille.com/wp-content/uploads/2020/04/09172318/RMHJ01_BOUCLE_BB.jpg]
[www.richardmille.com/page/rm-hj-01.html]
[media.richardmille.com/wp-content/uploads/2020/04/01113021/coverwc.jpg]
[media.richardmille.com/wp-content/uploads/2020/04/01133627/DSC01140-4wc-1.jpg]
[media.richardmille.com/wp-content/uploads/2019/06/06150206/Galerie1-left-fit-1.jpg]
[media.richardmille.com/wp-content/uploads/2020/04/01134923/cover345.jpg]
[media.richardmille.com/wp-content/uploads/2020/02/19180104/cover005602.jpg]
[www.richardmille.com/page/watchcase.html]
[media.richardmille.com/wp-content/uploads/2019/03/23170654/History-partage.jpg]
[media.richardmille.com/wp-content/uploads/2019/02/23171135/RM-001.jpg]
[media.richardmille.com/wp-content/uploads/2019/02/23171134/RM-002.jpg]
[media.richardmille.com/wp-content/uploads/2019/01/23171333/Laurent-Nivalle-LMC-2012-copie.jpg]
[media.richardmille.com/wp-content/uploads/2019/01/23171333/RM-003-FRONT.jpg]
[media.richardmille.com/wp-content/uploads/2019/01/23171510/illu-9.jpg]
[media.richardmille.com/wp-content/uploads/2019/01/23171330/RM-008-113-1.jpg]
[media.richardmille.com/wp-content/uploads/2019/01/23171331/New-Lady-RM007.jpg]
[media.richardmille.com/wp-content/uploads/2017/12/23175441/RM-009-FM-view-from-6-e1555514407701.jpg]
[media.richardmille.com/wp-content/uploads/2017/12/23175920/Photos-Geneve-219.jpg]
[media.richardmille.com/wp-content/uploads/2019/02/23171135/RM-012-platinium-front-view.jpg]
[media.richardmille.com/wp-content/uploads/2019/01/23171328/rm16paf.jpg]
[media.richardmille.com/wp-content/uploads/2019/01/23171329/rm11-cam2-5.jpg]
[media.richardmille.com/wp-content/uploads/2019/01/23171328/RM011LMC.jpg]
[media.richardmille.com/wp-content/uploads/2019/01/23171327/RM018.jpg]
[media.richardmille.com/wp-content/uploads/2019/01/23171343/calibre-13.jpg]
[media.richardmille.com/wp-content/uploads/2017/12/23175402/rm025-haut2.jpg]
[media.richardmille.com/wp-content/uploads/2017/12/23175838/RM-019-profil1.jpg]
[media.richardmille.com/wp-content/uploads/2019/01/23171440/case-18.jpg]
[media.richardmille.com/wp-content/uploads/2019/01/23171327/MichelleYeoh.jpg]
[media.richardmille.com/wp-content/uploads/2019/01/23171326/Rafa.jpg]
[media.richardmille.com/wp-content/uploads/2019/01/23171326/RM027-Dessus_Nadal-2.jpg]
[media.richardmille.com/wp-content/uploads/2019/01/23171325/VDSB.jpg]
[media.richardmille.com/wp-content/uploads/2019/01/23171324/RM017_V2_VUE_2_RG_SH-1.jpg]
[media.richardmille.com/wp-content/uploads/2019/01/23171324/bubba-swing-mega-hd.jpg]
[media.richardmille.com/wp-content/uploads/2019/01/23171325/65RenaudCorlouer.jpg]
[media.richardmille.com/wp-content/uploads/2019/01/23171324/DWP_7124.jpg]
[media.richardmille.com/wp-content/uploads/2019/01/23171322/RM056_VUE_2-1.jpg]
[media.richardmille.com/wp-content/uploads/2019/01/23171323/rm31-vue2-2.jpg]
[media.richardmille.com/wp-content/uploads/2019/01/23171323/RM-039-E6-B-titanium-front-view3.jpg]
[media.richardmille.com/wp-content/uploads/2019/01/23171321/Loeb.jpg]
[media.richardmille.com/wp-content/uploads/2019/01/23171321/RM27-01_3-4_RGB.jpg]
[media.richardmille.com/wp-content/uploads/2019/01/23171322/IMG_5844.jpg]
[media.richardmille.com/wp-content/uploads/2019/01/23171320/RM19-01_THREEQUARTER_RGB.jpg]
[media.richardmille.com/wp-content/uploads/2019/01/23171319/RM51-01_THREE_QUARTER.jpg]
[media.richardmille.com/wp-content/uploads/2019/01/23171614/variation-3.jpg]
[media.richardmille.com/wp-content/uploads/2019/01/23171615/ov-chara.jpg]
[media.richardmille.com/wp-content/uploads/2019/01/23171559/illu3-4.jpg]
[media.richardmille.com/wp-content/uploads/2019/01/23171317/RM69_FULLFRONT.jpg]
[media.richardmille.com/wp-content/uploads/2019/01/23171318/RM27-02_FULLFRONT_RGB.jpg]
[media.richardmille.com/wp-content/uploads/2019/01/23171318/RM26-02-recto.jpg]
[media.richardmille.com/wp-content/uploads/2019/01/23171319/RM19-02_TOP.jpg]
[media.richardmille.com/wp-content/uploads/2019/01/23171315/Ogier.jpg]
[media.richardmille.com/wp-content/uploads/2019/01/23171316/McLaren.jpg]
[media.richardmille.com/wp-content/uploads/2019/01/23171316/Haas.jpg]
[media.richardmille.com/wp-content/uploads/2019/01/23171317/ACJ.jpg]
[media.richardmille.com/wp-content/uploads/2019/01/23171315/VonBredow.jpg]
[media.richardmille.com/wp-content/uploads/2019/01/23171429/RM11-03_REDGOLD_PHOTO_THREEQUARTER.jpg]
[media.richardmille.com/wp-content/uploads/2019/01/23171314/JGS_1862-1.jpg]
[media.richardmille.com/wp-content/uploads/2019/01/23171314/RICHARD_MILLE_02_026.jpg]
[media.richardmille.com/wp-content/uploads/2019/01/23171315/2017_05_23_RM27-02-202408.jpg]
[media.richardmille.com/wp-content/uploads/2017/02/23172732/RM50-03-IMDG0229.jpg]
[media.richardmille.com/wp-content/uploads/2019/01/23171313/RM71_01.jpg]
[media.richardmille.com/wp-content/uploads/2019/01/23171313/RM53-01.jpg]
[media.richardmille.com/wp-content/uploads/2019/01/23171311/YTA.jpg]
[media.richardmille.com/wp-content/uploads/2018/02/23172144/2018-01-26-20-54-29-BRadius8Smoothing4-2.jpg]
[media.richardmille.com/wp-content/uploads/2020/02/18094154/19BONBON.jpg]
[media.richardmille.com/wp-content/uploads/2020/02/18094102/19ACJ.jpg]
[media.richardmille.com/wp-content/uploads/2020/02/18094105/19alfa.jpg]
[media.richardmille.com/wp-content/uploads/2020/02/18094108/19PW.jpg]
[media.richardmille.com/wp-content/uploads/2018/12/23172115/image.jpg]
[media.richardmille.com/wp-content/uploads/2018/12/23172113/image-copy.jpg]
[media.richardmille.com/wp-content/uploads/2018/12/23172112/image-5.jpg]
[media.richardmille.com/wp-content/uploads/2019/04/23170412/DGbd.jpg]
[media.richardmille.com/wp-content/uploads/2018/12/23172113/image-3.jpg]
[www.richardmille.com/page/history.html]
[www.richardmille.com/_nuxt/f35b92f96d7dc920630f.css]
[www.richardmille.com/balance-3.gif]
[www.richardmille.com/variable-geometry-balance-tourbi.gif]
[www.richardmille.com/Gear-teeth-profile.gif]
[www.richardmille.com/illu3.gif]
[www.richardmille.com/170908ED_RM4.gif]
[www.richardmille.com/illu5-1.gif]
[www.richardmille.com/RM033-Wum-110613s.gif]
[www.richardmille.com/RM033-WGArabicNum-110613s.gif]
[www.richardmille.com/RM033-WG-MediumSet-ArabicNum-110613s.gif]
[www.richardmille.com/RM033-WG-MediumSbicNum-110613s.gif]
[www.richardmille.com/illuMen_high.gif]
[www.richardmille.com/RM033-WNum-110613s.gif]
[www.richardmille.com/RM033-WG-Medium.gif]
[www.richardmille.com/RM033_DOS_08_02_11_7.gif]
[www.richardmille.com/RM033_VUE_2_03.03.11_6.gif]
[www.richardmille.com/BASEPALTE33.gif]
[www.richardmille.com/RM033_rotor.gif]
[www.richardmille.com/nafi_high.gif]
[www.richardmille.com/CASE-1024x633-1.gif]
[www.richardmille.com/RM033_screws.gif]
[www.richardmille.com/RM033_VUE_2_RG_03.03.11-2.gif]
[www.richardmille.com/RM033_WhiteGoldMediumSet_UNDER_FRONT.gif]
[www.richardmille.com/Produit-Header-BgImage_0000s_0006_RM23-2.gif]
[www.richardmille.com/illularge2.gif]
[www.richardmille.com/Produit-Header-BgImage_0000s_0034_RM033.gif]
[www.richardmille.com/RM023_recto_cadrage3-3.gif]
[www.richardmille.com/close-up-calibre-1-2.gif]
[www.richardmille.com/date-3.gif]
[www.richardmille.com/RM030_DOS_25-01-11_7.gif]
[www.richardmille.com/Titanium-plate_2S9A2210-1©JeromeBryon.gif]
[www.richardmille.com/close-up-case-1.gif]
[www.richardmille.com/RM023-RG-lunette-polie.gif]
[www.richardmille.com/wheel.gif]
[www.richardmille.com/RM016-Plasma-2.gif]
[www.richardmille.com/170908_HOTTE_MILLE_01_246_CMJN.gif]
[www.richardmille.com/170908_HTE_MILLE_01_246_CMJN.gif]
[www.richardmille.com/ILLU4-016-1024x912.gif]
[www.richardmille.com/biv.gif]
[www.richardmille.com/CASE-016-853x1024.gif]
[www.richardmille.com/close-up-date-1.gif]
[www.richardmille.com/BASEPLATE-016-768x1097.gif]
[www.richardmille.com/RM-07-03-Marshmallow_2S9A2592©JeromeBryon.gif]
[www.richardmille.com/DATE-016-1024x500.gif]
[www.richardmille.com/rotot.gif]
[www.richardmille.com/close-up-case-5.gif]
[www.richardmille.com/RM-37-01-Sucette_2S9A2541©JeromeBryon.gif]
[www.richardmille.com/016orter.gif]
[www.richardmille.com/0702porter.gif]
[www.richardmille.com/close-up-finishing.gif]
[www.richardmille.com/PR.gif]
[www.richardmille.com/037porter.gif]
[www.richardmille.com/Cooking_enamel_RM-37-01_2S9A1918_©JeromeBryon.gif]
[www.richardmille.com/close-up-case.gif]
[www.richardmille.com/Candy_Plate_RM-37-01-Kiwi2S9A2198©JeromeBryon.gif]
[www.richardmille.com/Enamel-Dial-Plate_RM-37-01-Sucette_2S9A1906©JeromeBryon.gif]
[www.richardmille.com/RMS05-IMDG9859.gif]
[www.richardmille.com/Enamel_RM-07-03-Cupcake_2S9A1929©JeromeBryon-1.gif]
[www.richardmille.com/RM-07-03-LItchi_2S9A2914©JeromeBryon.gif]
[www.richardmille.com/Revo6940.gif]
[www.richardmille.com/illuhome00.gif]
[www.richardmille.com/illu-12.gif]
[www.richardmille.com/Sans-titre-1.gif]
[www.richardmille.com/bridges-4.gif]
[www.richardmille.com/safety-1.gif]
[www.richardmille.com/Nürbrugring-Classic_2018DG-3-6-of-9-©DidierGourdon.gif]
[www.richardmille.com/VDSB-2013-7-copyright-Christophe-Jouany-voiles-de-St-Barth.gif]
[www.richardmille.com/bridgesoff.gif]
[www.richardmille.com/carbon.gif]
[www.richardmille.com/illu5-2.gif]
[www.richardmille.com/variable-geometry-rotor-officiel.gif]
[www.richardmille.com/case-11.gif]
[www.richardmille.com/variable-geometry-balance-tourbi-2.gif]
[www.richardmille.com/close-up-spline-screws-1.gif]
[www.richardmille.com/pw.gif]
[www.richardmille.com/RICHARD-MILLE-HOMME-3-CMJN.gif]
[www.richardmille.com/20117016_152_rev0_WEB-3.gif]
[www.richardmille.com/PABLO-77.gif]
[www.richardmille.com/_nuxt/5225c978077de2e02ea5.css]
[media.richardmille.com/wp-content/uploads/2018/12/23172045/MILLE069.jpg]
[media.richardmille.com/wp-content/uploads/2016/12/23172601/RM001.png]
[media.richardmille.com/wp-content/uploads/2018/02/23172228/histoire.jpg]
[media.richardmille.com/wp-content/uploads/2019/01/23171310/IMG_6508.jpg]
[media.richardmille.com/wp-content/uploads/2018/01/23172822/RM001_IMDG0381.jpg]
[media.richardmille.com/wp-content/uploads/2019/06/04171314/tourbibricopie.jpg]
[media.richardmille.com/wp-content/uploads/2019/03/23170706/GBHR_McLaren-Honda_MCL32_©McLaren.jpg]
[media.richardmille.com/wp-content/uploads/2018/12/23172048/RM38-01-mvt-02-e1573232899679.jpg]
[media.richardmille.com/wp-content/uploads/2019/01/23171252/case-25.jpg]
[media.richardmille.com/wp-content/uploads/2018/12/23172041/component-e1549320396828.jpg]
[media.richardmille.com/wp-content/uploads/2019/01/23170850/RM025_Titanium_3.4_UNDER.jpg]
[media.richardmille.com/wp-content/uploads/2018/12/23172104/11-03_MCL-remontoir-poussoirs.jpg]
[media.richardmille.com/wp-content/uploads/2018/01/23172815/RM38-01-05-v5.jpg]
[media.richardmille.com/wp-content/uploads/2018/01/23173240/RM-27-01_Cables.jpg]
[www.richardmille.com/page/concept.html]
[www.richardmille.com/_nuxt/f5e5485cbea4911e6b07.css]
[www.richardmille.com/_nuxt/0b6472735f6c6dfec3b9.js]
[media.richardmille.com/wp-content/uploads/2019/01/23170547/002V1.png]
[www.richardmille.com/historical-models909e.html]
[media.richardmille.com/wp-content/uploads/2019/01/23170842/RM-001.png]
[www.richardmille.com/historical-modelsa931.html]
[media.richardmille.com/wp-content/uploads/2019/04/27165735/RM003-V1.png]
[www.richardmille.com/historical-models8369.html]
[media.richardmille.com/wp-content/uploads/2019/04/27171502/RM008-V1.png]
[www.richardmille.com/historical-models6aec.html]
[media.richardmille.com/wp-content/uploads/2019/01/23171031/rm006_front_rgb.png]
[www.richardmille.com/historical-models337c.html]
[media.richardmille.com/wp-content/uploads/2019/01/23170544/RM005off.png]
[www.richardmille.com/historical-models78b0.html]
[media.richardmille.com/wp-content/uploads/2019/04/27170732/RM004-V1.png]
[www.richardmille.com/historical-models6281.html]
[media.richardmille.com/wp-content/uploads/2018/01/23172925/RM009.png]
[www.richardmille.com/historical-models3c62.html]
[media.richardmille.com/wp-content/uploads/2018/01/23173000/61_RM007.png]
[www.richardmille.com/historical-models0148.html]
[media.richardmille.com/wp-content/uploads/2018/01/23172927/RM002.png]
[www.richardmille.com/historical-models80e9.html]
[media.richardmille.com/wp-content/uploads/2018/01/23173006/55_RM012-Modele-Detoure.png]
[www.richardmille.com/historical-models33f8.html]
[media.richardmille.com/wp-content/uploads/2018/01/23173006/56_RM011.png]
[www.richardmille.com/historical-models948e.html]
[media.richardmille.com/wp-content/uploads/2018/01/23173009/52_RM018.png]
[www.richardmille.com/historical-models4633.html]
[media.richardmille.com/wp-content/uploads/2018/01/23173013/47_RM021.png]
[www.richardmille.com/historical-models889a.html]
[media.richardmille.com/wp-content/uploads/2018/01/23173024/38_RM027.png]
[www.richardmille.com/historical-models1bf5.html]
[media.richardmille.com/wp-content/uploads/2018/01/23173034/29_RM35.png]
[www.richardmille.com/historical-models7e25.html]
[media.richardmille.com/wp-content/uploads/2019/01/23170800/RM038-copie.png]
[www.richardmille.com/historical-models3fee.html]
[media.richardmille.com/wp-content/uploads/2019/01/23170801/41_RM026-copie.png]
[www.richardmille.com/historical-models3ee9.html]
[media.richardmille.com/wp-content/uploads/2019/01/23170801/RM051_VUE_1_RG.png]
[www.richardmille.com/historical-models0e4f.html]
[media.richardmille.com/wp-content/uploads/2018/01/23173050/18_RM052.png]
[www.richardmille.com/historical-models0f80.html]
[media.richardmille.com/wp-content/uploads/2017/02/23172301/050.png]
[www.richardmille.com/historical-modelsccda.html]
[media.richardmille.com/wp-content/uploads/2018/01/23173056/13_RM057.png]
[www.richardmille.com/historical-models680a.html]
[media.richardmille.com/wp-content/uploads/2018/01/23172856/RM53.png]
[www.richardmille.com/historical-modelsda34.html]
[media.richardmille.com/wp-content/uploads/2018/01/23173054/15_RM056.png]
[www.richardmille.com/historical-models9ada.html]
[media.richardmille.com/wp-content/uploads/2018/01/23173019/43_RM26-01.png]
[www.richardmille.com/historical-models9deb.html]
[media.richardmille.com/wp-content/uploads/2017/02/23172302/56-01.png]
[www.richardmille.com/historical-models8e20.html]
[media.richardmille.com/wp-content/uploads/2018/01/23172956/65_Layer-0.png]
[media.richardmille.com/wp-content/uploads/2017/02/23172727/11_RM59-FRONT-RGB_w5000.png]
[www.richardmille.com/historical-models8edf.html]
[www.richardmille.com/historical-models4a80.html]
[media.richardmille.com/wp-content/uploads/2018/01/23173022/40_RM27-01_FRONT_RGB_w5000.png]
[www.richardmille.com/historical-models7118.html]
[media.richardmille.com/wp-content/uploads/2018/01/23172605/RM051-01.png]
[www.richardmille.com/historical-models6645.html]
[media.richardmille.com/wp-content/uploads/2018/01/23172855/RM56-02.png]
[www.richardmille.com/historical-modelse714.html]
[media.richardmille.com/wp-content/uploads/2018/01/23173039/25_RM50-01_FRONT_RGB_w5000.png]
[www.richardmille.com/historical-models4bba.html]
[media.richardmille.com/wp-content/uploads/2018/01/23173055/14_RM57-01_FRONT_RGB_w5000.png]
[www.richardmille.com/historical-models73ab.html]
[media.richardmille.com/wp-content/uploads/2018/01/23173032/31_RM35-01_FRONT_RGB_w5000.png]
[www.richardmille.com/historical-models9d90.html]
[media.richardmille.com/wp-content/uploads/2018/01/23173020/42_RM26-02.png]
[media.richardmille.com/wp-content/uploads/2018/01/23173111/1_RM69_FRONT_RGB_w5000.png]
[www.richardmille.com/historical-models2db7.html]
[www.richardmille.com/historical-modelsf1f8.html]
[media.richardmille.com/wp-content/uploads/2018/01/23172902/RM27-02.png]
[www.richardmille.com/historical-modelsd906.html]
[media.richardmille.com/wp-content/uploads/2018/01/23173110/2_RM68-01_FRONT_w5000.png]
[www.richardmille.com/historical-modelsdfa8.html]
[www.richardmille.com/historical-models.html]
[media.richardmille.com/wp-content/uploads/2018/12/23172046/Slide.jpg]
[media.richardmille.com/wp-content/uploads/2018/12/23172048/image01.jpg]
[media.richardmille.com/wp-content/uploads/2019/01/23171309/FACADE_JOUR_NYC_V02_PLO5178_1_rev0-e1549320771118.jpg]
[media.richardmille.com/wp-content/uploads/2018/12/23172047/Image03.jpg]
[media.richardmille.com/wp-content/uploads/2019/01/23171304/valgine-e1573564101770.jpg]
[media.richardmille.com/wp-content/uploads/2019/03/23170705/mathys.jpg]
[media.richardmille.com/wp-content/uploads/2019/01/23171303/proart-1.jpg]
[media.richardmille.com/wp-content/uploads/2019/05/29130111/ProArt02_PLO3638.jpg]
[www.richardmille.com/page/manufacture-2.html]
[media.richardmille.com/wp-content/uploads/2018/12/23172111/mask-1.jpg]
[media.richardmille.com/wp-content/uploads/2019/01/23171011/close-up-case-6.jpg]
[media.richardmille.com/wp-content/uploads/2018/12/23172111/image-7.jpg]
[media.richardmille.com/wp-content/uploads/2018/12/23172110/image-8.jpg]
[media.richardmille.com/wp-content/uploads/2019/01/23171306/CF061018Nom-Personnalisé.jpg]
[media.richardmille.com/wp-content/uploads/2019/10/07233045/138931E0-B7F5-48C1-85F3-36773030D913.jpg]
[media.richardmille.com/wp-content/uploads/2018/12/23172110/image-copy-1.jpg]
[media.richardmille.com/wp-content/uploads/2018/12/23172105/Basdef-1765.jpg]
[media.richardmille.com/wp-content/uploads/2018/01/23172934/IMDG1024.jpg]
[media.richardmille.com/wp-content/uploads/2019/04/23170358/graph1-recadré.jpg]
[media.richardmille.com/wp-content/uploads/2019/04/23170358/ntpt_and_gmvrichard_mille_2.jpg]
[www.richardmille.com/page/rd.html]
[media.richardmille.com/wp-content/uploads/2019/01/23172033/hero.jpg]
[media.richardmille.com/wp-content/uploads/2019/06/06145829/RM-details-manufacture-1.jpg]
[media.richardmille.com/wp-content/uploads/2019/01/23172033/Galerie1-right.jpg]
[media.richardmille.com/wp-content/uploads/2019/01/23171306/2S9A0425.jpg]
[media.richardmille.com/wp-content/uploads/2019/01/23172032/machning-e1559851058783.jpg]
[media.richardmille.com/wp-content/uploads/2019/01/23171851/PR-1.jpg]
[media.richardmille.com/wp-content/uploads/2019/01/23172031/full_image.jpg]
[media.richardmille.com/wp-content/uploads/2019/10/07234352/1C07BB74-C034-4098-BC34-571229C6D41C.jpg]
[media.richardmille.com/wp-content/uploads/2019/01/23172030/finishing2.jpg]
[media.richardmille.com/wp-content/uploads/2017/12/23180416/Manufacturing_Finishing.jpg]
[media.richardmille.com/wp-content/uploads/2020/04/03172454/RM33-02_RG_CA_Clup_N.Boon_BBfullb.jpg]
[www.richardmille.com/page/manufacturing.html]
[media.richardmille.com/wp-content/uploads/2019/01/23172027/hero-1.jpg]
[media.richardmille.com/wp-content/uploads/2019/06/06150028/galerie1-right1.jpg]
[media.richardmille.com/wp-content/uploads/2019/01/23171301/CF060993Nom-Personnalisé.jpg]
[media.richardmille.com/wp-content/uploads/2019/02/23170936/QR.jpg]
[www.richardmille.com/page/quality-control.html]
[media.richardmille.com/wp-content/uploads/2018/12/23172108/mask-2.jpg]
[media.richardmille.com/wp-content/uploads/2019/03/23170705/CF050333.jpg]
[media.richardmille.com/wp-content/uploads/2019/01/23171300/sav-e1573231206626.jpg]
[media.richardmille.com/wp-content/uploads/2019/01/23171259/SAV-2.jpg]
[media.richardmille.com/wp-content/uploads/2018/12/23172107/image-11.jpg]
[media.richardmille.com/wp-content/uploads/2019/01/23171523/CF050327.jpg]
[media.richardmille.com/wp-content/uploads/2019/01/23171259/strap.jpg]
[media.richardmille.com/wp-content/uploads/2019/01/23171258/SAV3.jpg]
[media.richardmille.com/wp-content/uploads/2018/12/23172107/image-copy-2-2.jpg]
[media.richardmille.com/wp-content/uploads/2019/01/23171258/IMDG9181.jpg]
[media.richardmille.com/wp-content/uploads/2019/01/23171257/oil-1.jpg]
[media.richardmille.com/wp-content/uploads/2019/01/23171256/tilming.jpg]
[media.richardmille.com/wp-content/uploads/2019/01/23171256/tilming2.jpg]
[media.richardmille.com/wp-content/uploads/2019/01/23171256/case-refurbish.jpg]
[media.richardmille.com/wp-content/uploads/2019/01/23171255/neset.jpg]
[www.richardmille.com/page/sav.html]
[www.richardmille.com/_nuxt/85d5a9dbf3e5443fcbea.css]
[www.richardmille.com/_nuxt/ba3d8125f56c94ec1d7d.css]
[www.richardmille.com/_nuxt/88f31671b9c9e9622e3c.js]
[media.richardmille.com/wp-content/uploads/2016/12/23170808/20181116-P3616-MSN8403-A320ACJ-F1-HR-011-brb.jpg]
[media.richardmille.com/wp-content/uploads/2017/12/23175156/149822-A350-AT-LA-PAZ-BOLIVIA.jpg]
[media.richardmille.com/wp-content/uploads/2016/12/23170653/ACJC_ACJ319_Dining-area-copie.jpg]
[media.richardmille.com/wp-content/uploads/2016/12/23170654/ACJC_19_Dining-area-e1573563725154.jpg]
[media.richardmille.com/wp-content/uploads/2017/12/23174011/RM-50-02-IMDG9758.jpg]
