[backblue.gif]
[fade.gif]
[index.html]
[www.richardmille.com/favicon.ico]
[www.richardmille.com/meta-image.jpg]
[www.richardmille.com/fonts/interstate/Interstate-Regular.woff2]
[www.richardmille.com/apple-icon-57x57.png]
[www.richardmille.com/apple-icon-60x60.png]
[www.richardmille.com/fonts/interstate/Interstate-Bold.woff2]
[www.richardmille.com/apple-icon-76x76.png]
[www.richardmille.com/apple-icon-114x114.png]
[www.richardmille.com/fonts/interstate/Interstate-Light.woff2]
[www.richardmille.com/apple-icon-72x72.png]
[www.richardmille.com/apple-icon-120x120.png]
[www.richardmille.com/apple-icon-144x144.png]
[www.richardmille.com/apple-icon-180x180.png]
[www.richardmille.com/apple-icon-152x152.png]
[www.richardmille.com/fonts/icomoon9cea.ttf]
[www.richardmille.com/_nuxt/img/5f43bda.svg]
[cdn.polyfill.io/v2/polyfill.min3819.js]
[www.googletagmanager.com/gtmf8cc.js]
[www.richardmille.com/_nuxt/20ac856ecc9b9ef2f93b.js]
[www.richardmille.com/_nuxt/bfa80d3455099c706cfb.js]
[www.richardmille.com/_nuxt/94e426960029c43dde6a.js]
[www.richardmille.com/_nuxt/ab375376b3b62e3933c6.js]
[www.richardmille.com/_nuxt/fc8440aeed1ae587b4de.js]
[www.richardmille.com/dispatch/the-brand.html]
[radar.cedexis.com/1571758301/radar.js]
[www.richardmille.com/_nuxt/a3b313688f8919e3f849.css]
[media.richardmille.com/wp-content/uploads/2019/01/06150629/Richard-Moto-bn.jpg]
[media.richardmille.com/wp-content/uploads/2018/12/23172056/close-up-pusher-chrono.jpg]
[media.richardmille.com/wp-content/uploads/2019/01/23172017/Historical-Models-cover.jpg]
[www.richardmille.com/_nuxt/81113fe565cddb1efb4f.css]
[www.richardmille.com/_nuxt/5225c978077de2e02ea5.css]
[www.richardmille.com/_nuxt/img/5f43bda.svg]
[www.richardmille.com/dispatch/savoir-faire.html]
[www.richardmille.com/fonts/icomoon9cea.svg]
[www.richardmille.com/fonts/icomoon9cea.svg]
[media.richardmille.com/wp-content/uploads/2019/01/23172029/footer-push-e1559851110933.jpg]
[media.richardmille.com/wp-content/uploads/2019/01/23172028/footer-push-3.jpg]
[media.richardmille.com/wp-content/uploads/2019/01/23172027/iso.jpg]
[media.richardmille.com/wp-content/uploads/2019/01/23172029/footer-push-2.jpg]
[media.richardmille.com/wp-content/uploads/2019/01/23172029/footer-push-1.jpg]
